[debug] [2025-12-19T05:52:42.024Z] ----------------------------------------------------------------------
[debug] [2025-12-19T05:52:42.031Z] Command:       C:\Program Files\nodejs\node.exe C:\Users\Owner\AppData\Roaming\npm\node_modules\firebase-tools\lib\bin\firebase.js init
[debug] [2025-12-19T05:52:42.032Z] CLI Version:   15.1.0
[debug] [2025-12-19T05:52:42.032Z] Platform:      win32
[debug] [2025-12-19T05:52:42.033Z] Node Version:  v22.14.0
[debug] [2025-12-19T05:52:42.033Z] Time:          Fri Dec 19 2025 08:52:42 GMT+0300 (East Africa Time)
[debug] [2025-12-19T05:52:42.034Z] ----------------------------------------------------------------------
[debug] 
[info] 
     ######## #### ########  ######## ########     ###     ######  ########
     ##        ##  ##     ## ##       ##     ##  ##   ##  ##       ##
     ######    ##  ########  ######   ########  #########  ######  ######
     ##        ##  ##    ##  ##       ##     ## ##     ##       ## ##
     ##       #### ##     ## ######## ########  ##     ##  ######  ########

You're about to initialize a Firebase project in this directory:

  C:\Users\Owner\OneDrive\Documents\vscode Projects\java web

[info] 
=== Project Setup
[info] 
[info] First, let's associate this project directory with a Firebase project.
[info] You can create multiple project aliases by running firebase use --add, 
[info] 
[debug] [2025-12-19T05:54:12.984Z] > command requires scopes: ["email","openid","https://www.googleapis.com/auth/cloudplatformprojects.readonly","https://www.googleapis.com/auth/firebase","https://www.googleapis.com/auth/cloud-platform"]
[debug] [2025-12-19T05:54:12.985Z] > authorizing via signed-in user (mireribrian9@gmail.com)
[debug] [2025-12-19T05:54:12.988Z] Checked if tokens are valid: false, expires at: 1742391808172
[debug] [2025-12-19T05:54:12.989Z] Checked if tokens are valid: false, expires at: 1742391808172
[debug] [2025-12-19T05:54:12.990Z] > refreshing access token with scopes: []
[debug] [2025-12-19T05:54:12.995Z] >>> [apiv2][query] POST https://www.googleapis.com/oauth2/v3/token [none]
[debug] [2025-12-19T05:54:12.995Z] >>> [apiv2][body] POST https://www.googleapis.com/oauth2/v3/token [omitted]
[debug] [2025-12-19T05:54:15.410Z] <<< [apiv2][status] POST https://www.googleapis.com/oauth2/v3/token 400
[debug] [2025-12-19T05:54:15.410Z] <<< [apiv2][body] POST https://www.googleapis.com/oauth2/v3/token [omitted]
[debug] [2025-12-19T05:54:15.411Z] >>> [apiv2][query] GET https://firebase.googleapis.com/v1beta1/projects pageSize=100
[debug] [2025-12-19T05:54:16.751Z] <<< [apiv2][status] GET https://firebase.googleapis.com/v1beta1/projects 401
[debug] [2025-12-19T05:54:16.752Z] <<< [apiv2][body] GET https://firebase.googleapis.com/v1beta1/projects [omitted]
[debug] [2025-12-19T05:54:16.752Z] Got a 401 Unauthenticated error for a call that required authentication. Refreshing tokens.
[debug] [2025-12-19T05:54:16.752Z] Checked if tokens are valid: false, expires at: 1742391808172
[debug] [2025-12-19T05:54:16.752Z] Checked if tokens are valid: false, expires at: 1742391808172
[debug] [2025-12-19T05:54:16.752Z] > refreshing access token with scopes: []
[debug] [2025-12-19T05:54:16.753Z] >>> [apiv2][query] POST https://www.googleapis.com/oauth2/v3/token [none]
[debug] [2025-12-19T05:54:16.753Z] >>> [apiv2][body] POST https://www.googleapis.com/oauth2/v3/token [omitted]
[debug] [2025-12-19T05:54:16.934Z] <<< [apiv2][status] POST https://www.googleapis.com/oauth2/v3/token 400
[debug] [2025-12-19T05:54:16.935Z] <<< [apiv2][body] POST https://www.googleapis.com/oauth2/v3/token [omitted]
[debug] [2025-12-19T05:54:16.937Z] Request to https://firebase.googleapis.com/v1beta1/projects?pageSize=100 had HTTP Error: 401, Request had invalid authentication credentials. Expected OAuth 2 access token, login cookie or other valid authentication credential. See https://developers.google.com/identity/sign-in/web/devconsole-project.
[debug] [2025-12-19T05:54:17.409Z] FirebaseError: Request to https://firebase.googleapis.com/v1beta1/projects?pageSize=100 had HTTP Error: 401, Request had invalid authentication credentials. Expected OAuth 2 access token, login cookie or other valid authentication credential. See https://developers.google.com/identity/sign-in/web/devconsole-project.
    at responseToError (C:\Users\Owner\AppData\Roaming\npm\node_modules\firebase-tools\lib\responseToError.js:53:12)
    at RetryOperation._fn (C:\Users\Owner\AppData\Roaming\npm\node_modules\firebase-tools\lib\apiv2.js:322:77)
    at process.processTicksAndRejections (node:internal/process/task_queues:105:5)
[error] 
[error] Error: Failed to list Firebase projects. See firebase-debug.log for more info.
[debug] [2025-12-19T05:54:28.829Z] ----------------------------------------------------------------------
[debug] [2025-12-19T05:54:28.836Z] Command:       C:\Program Files\nodejs\node.exe C:\Users\Owner\AppData\Roaming\npm\node_modules\firebase-tools\lib\bin\firebase.js init
[debug] [2025-12-19T05:54:28.838Z] CLI Version:   15.1.0
[debug] [2025-12-19T05:54:28.838Z] Platform:      win32
[debug] [2025-12-19T05:54:28.838Z] Node Version:  v22.14.0
[debug] [2025-12-19T05:54:28.839Z] Time:          Fri Dec 19 2025 08:54:28 GMT+0300 (East Africa Time)
[debug] [2025-12-19T05:54:28.840Z] ----------------------------------------------------------------------
[debug] 
[info] 
     ######## #### ########  ######## ########     ###     ######  ########
     ##        ##  ##     ## ##       ##     ##  ##   ##  ##       ##
     ######    ##  ########  ######   ########  #########  ######  ######
     ##        ##  ##    ##  ##       ##     ## ##     ##       ## ##
     ##       #### ##     ## ######## ########  ##     ##  ######  ########

You're about to initialize a Firebase project in this directory:

  C:\Users\Owner\OneDrive\Documents\vscode Projects\java web

